{
    "pages": {
        "login": {
            "name": "login",
            "url": "login"
        },
        "logout": {
            "name": "logout",
            "url": "logout"
        }
    }
}
